// Jest Snapshot v1, https://goo.gl/fbAQLP

exports[`<GifItem /> component should match with the snapshot 1`] = `
<div>
  <div
    class="card"
  >
    <img
      alt="The office"
      src="https://test.com/the-office-image.jpg"
    />
    <p>
      The office
    </p>
  </div>
</div>
`;
